ASxxxx Linker V03.00 + NoICE + sdld,  page 1.
Hexadecimal  [32-Bits]

Area                                    Addr        Size        Decimal Bytes (Attributes)
--------------------------------        ----        ----        ------- ----- ------------
CABS                                00000000    00000000 =           0. bytes (ABS,CON,CODE)

      Value  Global                              Global Defined In Module
      -----  --------------------------------   ------------------------
C:   00000000  l_BIT_BANK                      
C:   00000000  l_CABS                          
C:   00000000  l_GSINIT1                       
C:   00000000  l_GSINIT5                       
C:   00000000  l_IABS                          
C:   00000000  l_PSEG                          
C:   00000000  l_REG_BANK_2                    
C:   00000000  l_REG_BANK_3                    
C:   00000000  l_RSEG                          
C:   00000000  l_RSEG0                         
C:   00000000  l_RSEG1                         
C:   00000000  l_XABS                          
C:   00000000  l_XINIT                         
C:   00000000  l_XISEG                         
C:   00000000  l_XSEG                          
C:   00000000  l__CODE                         
C:   00000000  s_BSEG                          
C:   00000000  s_CABS                          
C:   00000000  s_DSEG                          
C:   00000000  s_HOME                          
C:   00000000  s_IABS                          
C:   00000000  s_REG_BANK_0                    
C:   00000000  s_RSEG                          
C:   00000000  s_RSEG0                         
C:   00000000  s_RSEG1                         
C:   00000000  s_XABS                          
C:   00000001  s_PSEG                          
C:   00000001  s_XISEG                         
C:   00000001  s_XSEG                          
C:   00000003  l_BSEG_BYTES                    
C:   00000003  l_GSFINAL                       
C:   00000003  l_GSINIT0                       
C:   00000003  l_OSEG                          
C:   00000008  l_REG_BANK_0                    
C:   00000008  l_REG_BANK_1                    
C:   00000008  s_REG_BANK_1                    
C:   0000000A  l_GSINIT2                       
C:   00000010  s_REG_BANK_2                    
C:   00000015  l_BSEG                          
C:   00000018  l_ISEG                          
C:   00000018  s_BIT_BANK                      
C:   00000018  s_REG_BANK_3                    
C:   00000020  s_BSEG_BYTES                    
C:   00000020  s__CODE                         
C:   00000022  l_GSINIT3                       
C:   00000029  l_HOME                          
C:   00000029  s_GSINIT0                       
C:   0000002A  l_GSINIT4                       
C:   0000002C  s_GSINIT1                       
C:   0000002C  s_GSINIT2                       
ASxxxx Linker V03.00 + NoICE + sdld,  page 2.
Hexadecimal  [32-Bits]

Area                                    Addr        Size        Decimal Bytes (Attributes)
--------------------------------        ----        ----        ------- ----- ------------
CABS                                00000000    00000000 =           0. bytes (ABS,CON,CODE)

      Value  Global                              Global Defined In Module
      -----  --------------------------------   ------------------------
C:   0000002F  l_CONST                         
C:   00000036  s_GSINIT3                       
C:   00000058  s_GSINIT4                       
C:   0000005E  l_GSINIT                        
C:   00000063  l_DSEG                          
C:   00000065  s_OSEG                          
C:   00000068  s_ISEG                          
C:   00000080  l_SSEG                          
C:   00000080  s_SSEG                          
C:   00000082  s_GSINIT                        
C:   00000082  s_GSINIT5                       
C:   000000E0  s_GSFINAL                       
C:   000000E3  s_CSEG                          
C:   00000100  l_IRAM                          
C:   00000935  l_CSEG                          
C:   00000A18  s_CONST                         
C:   00000A47  s_XINIT                         

ASxxxx Linker V03.00 + NoICE + sdld,  page 3.
Hexadecimal  [32-Bits]

Area                                    Addr        Size        Decimal Bytes (Attributes)
--------------------------------        ----        ----        ------- ----- ------------
.  .ABS.                            00000000    00000000 =           0. bytes (ABS,CON)

      Value  Global                              Global Defined In Module
      -----  --------------------------------   ------------------------
     00000000  .__.ABS.                           _startup
     00000024  _rtc_table                         ds1302
     0000002C  _cfg_table                         ds1302
     00000034  _H12_TH                            ds1302
     00000035  _H12_PM                            ds1302
     00000037  _H12_12                            ds1302
     00000060  _CONF_C_F                          ds1302
     00000061  _CONF_ALARM_ON                     ds1302
     00000062  _CONF_CHIME_ON                     ds1302
     0000006E  _CONF_SW_MMDD                      ds1302
     00000080  _P0                                ds1302
     00000080  _P0_0                              ds1302
     00000081  _P0_1                              ds1302
     00000081  _SP                                ds1302
     00000082  _DPL                               ds1302
     00000082  _P0_2                              ds1302
     00000083  _DPH                               ds1302
     00000083  _P0_3                              ds1302
     00000084  _P0_4                              ds1302
     00000084  _S4CON                             ds1302
     00000085  _P0_5                              ds1302
     00000085  _S4BUF                             ds1302
     00000086  _P0_6                              ds1302
     00000087  _P0_7                              ds1302
     00000087  _PCON                              ds1302
     00000088  _IT0                               ds1302
     00000088  _TCON                              ds1302
     00000089  _IE0                               ds1302
     00000089  _TMOD                              ds1302
     0000008A  _IT1                               ds1302
     0000008A  _TL0                               ds1302
     0000008B  _IE1                               ds1302
     0000008B  _TL1                               ds1302
     0000008C  _TH0                               ds1302
     0000008C  _TR0                               ds1302
     0000008D  _TF0                               ds1302
     0000008D  _TH1                               ds1302
     0000008E  _AUXR                              ds1302
     0000008E  _TR1                               ds1302
     0000008F  _INT_CLKO                          ds1302
     0000008F  _TF1                               ds1302
     00000090  _P1                                ds1302
     00000090  _P1_0                              ds1302
     00000091  _P1M1                              ds1302
     00000091  _P1_1                              ds1302
     00000092  _P1M0                              ds1302
     00000092  _P1_2                              ds1302
     00000093  _P0M1                              ds1302
     00000093  _P1_3                              ds1302
     00000094  _P0M0                              ds1302
ASxxxx Linker V03.00 + NoICE + sdld,  page 4.
Hexadecimal  [32-Bits]

Area                                    Addr        Size        Decimal Bytes (Attributes)
--------------------------------        ----        ----        ------- ----- ------------
.  .ABS.                            00000000    00000000 =           0. bytes (ABS,CON)

      Value  Global                              Global Defined In Module
      -----  --------------------------------   ------------------------
     00000094  _P1_4                              ds1302
     00000095  _P1_5                              ds1302
     00000095  _P2M1                              ds1302
     00000096  _P1_6                              ds1302
     00000096  _P2M0                              ds1302
     00000097  _CLK_DIV                           ds1302
     00000097  _P1_7                              ds1302
     00000098  _RI                                ds1302
     00000098  _SCON                              ds1302
     00000099  _SBUF                              ds1302
     00000099  _TI                                ds1302
     0000009A  _RB8                               ds1302
     0000009A  _S2CON                             ds1302
     0000009B  _S2BUF                             ds1302
     0000009B  _TB8                               ds1302
     0000009C  _REN                               ds1302
     0000009D  _P1ASF                             ds1302
     0000009D  _SM2                               ds1302
     0000009E  _SM1                               ds1302
     0000009F  _SM0                               ds1302
     000000A0  _P2                                ds1302
     000000A0  _P2_0                              ds1302
     000000A0  __XPAGE                            
     000000A1  _BUS_SPEED                         ds1302
     000000A1  _P2_1                              ds1302
     000000A2  _AUXR1                             ds1302
     000000A2  _P2_2                              ds1302
     000000A2  _P_SW1                             ds1302
     000000A3  _P2_3                              ds1302
     000000A4  _P2_4                              ds1302
     000000A5  _P2_5                              ds1302
     000000A6  _P2_6                              ds1302
     000000A7  _P2_7                              ds1302
     000000A8  _EX0                               ds1302
     000000A8  _IE                                ds1302
     000000A9  _ET0                               ds1302
     000000A9  _SADDR                             ds1302
     000000AA  _EX1                               ds1302
     000000AA  _WKTCL                             ds1302
     000000AB  _ET1                               ds1302
     000000AB  _WKTCH                             ds1302
     000000AC  _ES                                ds1302
     000000AC  _S3CON                             ds1302
     000000AD  _EADC                              ds1302
     000000AD  _S3BUF                             ds1302
     000000AE  _ELVD                              ds1302
     000000AF  _EA                                ds1302
     000000AF  _IE2                               ds1302
     000000B0  _P3                                ds1302
     000000B0  _P3_0                              ds1302
     000000B0  _RXD                               ds1302
ASxxxx Linker V03.00 + NoICE + sdld,  page 5.
Hexadecimal  [32-Bits]

Area                                    Addr        Size        Decimal Bytes (Attributes)
--------------------------------        ----        ----        ------- ----- ------------
.  .ABS.                            00000000    00000000 =           0. bytes (ABS,CON)

      Value  Global                              Global Defined In Module
      -----  --------------------------------   ------------------------
     000000B1  _P3M1                              ds1302
     000000B1  _P3_1                              ds1302
     000000B1  _TXD                               ds1302
     000000B2  _INT0                              ds1302
     000000B2  _P3M0                              ds1302
     000000B2  _P3_2                              ds1302
     000000B3  _INT1                              ds1302
     000000B3  _P3_3                              ds1302
     000000B3  _P4M1                              ds1302
     000000B4  _P3_4                              ds1302
     000000B4  _P4M0                              ds1302
     000000B4  _T0                                ds1302
     000000B5  _IP2                               ds1302
     000000B5  _P3_5                              ds1302
     000000B5  _T1                                ds1302
     000000B6  _P3_6                              ds1302
     000000B6  _WR                                ds1302
     000000B7  _P3_7                              ds1302
     000000B7  _RD                                ds1302
     000000B8  _IP                                ds1302
     000000B8  _PX0                               ds1302
     000000B9  _PT0                               ds1302
     000000B9  _SADEN                             ds1302
     000000BA  _PX1                               ds1302
     000000BA  _P_SW2                             ds1302
     000000BB  _PT1                               ds1302
     000000BC  _ADC_CONTR                         ds1302
     000000BC  _PS                                ds1302
     000000BD  _ADC_RES                           ds1302
     000000BD  _PADC                              ds1302
     000000BE  _ADC_RESL                          ds1302
     000000BE  _PLVD                              ds1302
     000000BF  _PPCA                              ds1302
     000000C0  _P4                                ds1302
     000000C0  _P4_0                              ds1302
     000000C1  _P4_1                              ds1302
     000000C1  _WDT_CONTR                         ds1302
     000000C2  _IAP_DATA                          ds1302
     000000C2  _P4_2                              ds1302
     000000C3  _IAP_ADDRH                         ds1302
     000000C3  _P4_3                              ds1302
     000000C4  _IAP_ADDRL                         ds1302
     000000C4  _P4_4                              ds1302
     000000C5  _IAP_CMD                           ds1302
     000000C5  _P4_5                              ds1302
     000000C6  _IAP_TRIG                          ds1302
     000000C6  _P4_6                              ds1302
     000000C7  _IAP_CONTR                         ds1302
     000000C7  _P4_7                              ds1302
     000000C9  _P5M1                              ds1302
     000000CA  _P5M0                              ds1302
ASxxxx Linker V03.00 + NoICE + sdld,  page 6.
Hexadecimal  [32-Bits]

Area                                    Addr        Size        Decimal Bytes (Attributes)
--------------------------------        ----        ----        ------- ----- ------------
.  .ABS.                            00000000    00000000 =           0. bytes (ABS,CON)

      Value  Global                              Global Defined In Module
      -----  --------------------------------   ------------------------
     000000CB  _P6M1                              ds1302
     000000CC  _P6M0                              ds1302
     000000CD  _SPSTAT                            ds1302
     000000CE  _SPCTL                             ds1302
     000000CF  _SPDAT                             ds1302
     000000D0  _P                                 ds1302
     000000D0  _PSW                               ds1302
     000000D1  _F1                                ds1302
     000000D1  _T3T4M                             ds1302
     000000D1  _T4T3M                             ds1302
     000000D2  _OV                                ds1302
     000000D2  _T4H                               ds1302
     000000D3  _RS0                               ds1302
     000000D3  _T4L                               ds1302
     000000D4  _RS1                               ds1302
     000000D4  _T3H                               ds1302
     000000D5  _F0                                ds1302
     000000D5  _T3L                               ds1302
     000000D6  _AC                                ds1302
     000000D6  _T2H                               ds1302
     000000D7  _CY                                ds1302
     000000D7  _T2L                               ds1302
     000000D8  _CCF0                              ds1302
     000000D8  _CCON                              ds1302
     000000D9  _CCF1                              ds1302
     000000D9  _CMOD                              ds1302
     000000DA  _CCAPM0                            ds1302
     000000DA  _CCF2                              ds1302
     000000DB  _CCAPM1                            ds1302
     000000DC  _CCAPM2                            ds1302
     000000DE  _CR                                ds1302
     000000DF  _CF                                ds1302
     000000E0  _ACC                               ds1302
     000000E1  _P7M1                              ds1302
     000000E2  _P7M0                              ds1302
     000000E6  _CMPCR1                            ds1302
     000000E7  _CMPCR2                            ds1302
     000000E9  _CL                                ds1302
     000000EA  _CCAP0L                            ds1302
     000000EB  _CCAP1L                            ds1302
     000000EC  _CCAP2L                            ds1302
     000000F0  _B                                 ds1302
     000000F1  _PWMCFG                            ds1302
     000000F2  _PCA_PWM0                          ds1302
     000000F3  _PCA_PWM1                          ds1302
     000000F4  _PCA_PWM2                          ds1302
     000000F5  _B_5                               _gptrget
     000000F5  _PWMCR                             ds1302
     000000F6  _B_6                               _gptrget
     000000F6  _PWMIF                             ds1302
     000000F7  _B_7                               _gptrget
ASxxxx Linker V03.00 + NoICE + sdld,  page 7.
Hexadecimal  [32-Bits]

Area                                    Addr        Size        Decimal Bytes (Attributes)
--------------------------------        ----        ----        ------- ----- ------------
.  .ABS.                            00000000    00000000 =           0. bytes (ABS,CON)

      Value  Global                              Global Defined In Module
      -----  --------------------------------   ------------------------
     000000F7  _PWMFDCR                           ds1302
     000000F9  _CH                                ds1302
     000000FA  _CCAP0H                            ds1302
     000000FB  _CCAP1H                            ds1302
     000000FC  _CCAP2H                            ds1302

ASxxxx Linker V03.00 + NoICE + sdld,  page 8.
Hexadecimal  [32-Bits]

Area                                    Addr        Size        Decimal Bytes (Attributes)
--------------------------------        ----        ----        ------- ----- ------------
BSEG_BYTES                          00000020    00000003 =           3. bytes (REL,CON)

      Value  Global                              Global Defined In Module
      -----  --------------------------------   ------------------------
ASxxxx Linker V03.00 + NoICE + sdld,  page 9.
Hexadecimal  [32-Bits]

Area                                    Addr        Size        Decimal Bytes (Attributes)
--------------------------------        ----        ----        ------- ----- ------------
REG_BANK_0                          00000000    00000008 =           8. bytes (REL,OVR)

      Value  Global                              Global Defined In Module
      -----  --------------------------------   ------------------------
ASxxxx Linker V03.00 + NoICE + sdld,  page 10.
Hexadecimal  [32-Bits]

Area                                    Addr        Size        Decimal Bytes (Attributes)
--------------------------------        ----        ----        ------- ----- ------------
REG_BANK_1                          00000008    00000008 =           8. bytes (REL,OVR)

      Value  Global                              Global Defined In Module
      -----  --------------------------------   ------------------------
ASxxxx Linker V03.00 + NoICE + sdld,  page 11.
Hexadecimal  [32-Bits]

Area                                    Addr        Size        Decimal Bytes (Attributes)
--------------------------------        ----        ----        ------- ----- ------------
DSEG                                00000000    00000063 =          99. bytes (REL,CON)

      Value  Global                              Global Defined In Module
      -----  --------------------------------   ------------------------
     00000030  _tmpbuf                            main
     00000034  _dbuf                              main
     00000038  _rec_num                           main
     00000039  _nH                                main
     0000003A  _nM                                main
     0000003B  _nS                                main
     0000003C  _nW                                main
     0000003D  _nT                                main
     0000003E  _count                             main
     0000003F  _lightval                          main
     00000040  _displaycounter                    main
     00000041  _count_100                         main
     00000042  _count_1000                        main
     00000044  _count_5000                        main
     00000046  _ntpUpdated                        main
     00000048  _count_20000                       main
     0000004A  _count_timeout                     main
     0000004C  _dmode                             main
     0000004D  _kmode                             main
     0000004E  _rtc_hh_bcd                        main
     0000004F  _rtc_mm_bcd                        main
     00000050  _rtc_ss_bcd                        main
     00000051  _debounce                          main
     00000053  _switchcount                       main
     00000055  _event                             main
     00000056  _hh                                main
     00000057  _mm                                main
     00000058  _ss                                main
     00000059  _ww                                main
     0000005A  _tt                                main
     0000005B  _h0                                main
     0000005C  _pm                                main
     0000005D  _btemp                             main
     0000005E  _pRec                              main
     00000061  _tmp                               main
     00000062  _i                                 main
     00000063  _ev                                main
     00000064  _ds_writebyte_PARM_2               ds1302

ASxxxx Linker V03.00 + NoICE + sdld,  page 12.
Hexadecimal  [32-Bits]

Area                                    Addr        Size        Decimal Bytes (Attributes)
--------------------------------        ----        ----        ------- ----- ------------
OSEG                                00000065    00000003 =           3. bytes (REL,OVR)

      Value  Global                              Global Defined In Module
      -----  --------------------------------   ------------------------
     00000065  __gptrput_PARM_2                   _gptrput
     00000065  _charToint_PARM_2                  main
     00000065  _memset_PARM_2                     _memset
     00000066  _memset_PARM_3                     _memset

ASxxxx Linker V03.00 + NoICE + sdld,  page 13.
Hexadecimal  [32-Bits]

Area                                    Addr        Size        Decimal Bytes (Attributes)
--------------------------------        ----        ----        ------- ----- ------------
ISEG                                00000068    00000018 =          24. bytes (REL,CON)

      Value  Global                              Global Defined In Module
      -----  --------------------------------   ------------------------
     00000068  _buffer_t                          main
     00000074  _rec_data                          main

ASxxxx Linker V03.00 + NoICE + sdld,  page 14.
Hexadecimal  [32-Bits]

Area                                    Addr        Size        Decimal Bytes (Attributes)
--------------------------------        ----        ----        ------- ----- ------------
SSEG                                00000080    00000080 =         128. bytes (REL,OVR)

      Value  Global                              Global Defined In Module
      -----  --------------------------------   ------------------------
     00000080  __start__stack                     main

ASxxxx Linker V03.00 + NoICE + sdld,  page 15.
Hexadecimal  [32-Bits]

Area                                    Addr        Size        Decimal Bytes (Attributes)
--------------------------------        ----        ----        ------- ----- ------------
HOME                                00000000    00000029 =          41. bytes (REL,CON,CODE)

      Value  Global                              Global Defined In Module
      -----  --------------------------------   ------------------------
C:   00000026  __sdcc_program_startup             main

ASxxxx Linker V03.00 + NoICE + sdld,  page 16.
Hexadecimal  [32-Bits]

Area                                    Addr        Size        Decimal Bytes (Attributes)
--------------------------------        ----        ----        ------- ----- ------------
GSINIT0                             00000029    00000003 =           3. bytes (REL,CON,CODE)

      Value  Global                              Global Defined In Module
      -----  --------------------------------   ------------------------
C:   00000029  __sdcc_gsinit_startup              

ASxxxx Linker V03.00 + NoICE + sdld,  page 17.
Hexadecimal  [32-Bits]

Area                                    Addr        Size        Decimal Bytes (Attributes)
--------------------------------        ----        ----        ------- ----- ------------
GSINIT2                             0000002C    0000000A =          10. bytes (REL,CON,CODE)

      Value  Global                              Global Defined In Module
      -----  --------------------------------   ------------------------
ASxxxx Linker V03.00 + NoICE + sdld,  page 18.
Hexadecimal  [32-Bits]

Area                                    Addr        Size        Decimal Bytes (Attributes)
--------------------------------        ----        ----        ------- ----- ------------
GSINIT3                             00000036    00000022 =          34. bytes (REL,CON,CODE)

      Value  Global                              Global Defined In Module
      -----  --------------------------------   ------------------------
C:   00000036  __mcs51_genXINIT                   

ASxxxx Linker V03.00 + NoICE + sdld,  page 19.
Hexadecimal  [32-Bits]

Area                                    Addr        Size        Decimal Bytes (Attributes)
--------------------------------        ----        ----        ------- ----- ------------
GSINIT4                             00000058    0000002A =          42. bytes (REL,CON,CODE)

      Value  Global                              Global Defined In Module
      -----  --------------------------------   ------------------------
C:   00000058  __mcs51_genRAMCLEAR                
C:   0000005E  __mcs51_genXRAMCLEAR               

ASxxxx Linker V03.00 + NoICE + sdld,  page 20.
Hexadecimal  [32-Bits]

Area                                    Addr        Size        Decimal Bytes (Attributes)
--------------------------------        ----        ----        ------- ----- ------------
GSINIT                              00000082    0000005E =          94. bytes (REL,CON,CODE)

      Value  Global                              Global Defined In Module
      -----  --------------------------------   ------------------------
ASxxxx Linker V03.00 + NoICE + sdld,  page 21.
Hexadecimal  [32-Bits]

Area                                    Addr        Size        Decimal Bytes (Attributes)
--------------------------------        ----        ----        ------- ----- ------------
GSFINAL                             000000E0    00000003 =           3. bytes (REL,CON,CODE)

      Value  Global                              Global Defined In Module
      -----  --------------------------------   ------------------------
ASxxxx Linker V03.00 + NoICE + sdld,  page 22.
Hexadecimal  [32-Bits]

Area                                    Addr        Size        Decimal Bytes (Attributes)
--------------------------------        ----        ----        ------- ----- ------------
CSEG                                000000E3    00000935 =        2357. bytes (REL,CON,CODE)

      Value  Global                              Global Defined In Module
      -----  --------------------------------   ------------------------
C:   000000E3  _timer0_isr                        main
C:   00000267  _Timer0Init                        main
C:   00000276  _main                              main
C:   000005A6  _intToBCD                          main
C:   000005D8  _intToChar                         main
C:   000005FA  _charToint                         main
C:   0000060B  _UART1_Routine                     main
C:   00000613  _clear_rec_data                    main
C:   00000629  _SendData                          main
C:   00000636  _SendString                        main
C:   00000661  _serial_init                       main
C:   00000689  _InitADC                           adc
C:   000006A1  _getADCResult                      adc
C:   000006C0  _getADCResult8                     adc
C:   000006D8  _ds_ram_config_init                ds1302
C:   0000071B  _ds_ram_config_write               ds1302
C:   00000730  _sendbyte                          ds1302
C:   00000746  _readbyte                          ds1302
C:   0000075E  _ds_readbyte                       ds1302
C:   0000077F  _ds_readburst                      ds1302
C:   0000079E  _ds_writebyte                      ds1302
C:   000007BE  _ds_init                           ds1302
C:   000007DA  _ds_hours_12_24_toggle             ds1302
C:   00000835  _ds_hours_incr                     ds1302
C:   00000888  _ds_minutes_incr                   ds1302
C:   000008AB  _ds_month_incr                     ds1302
C:   000008CE  _ds_day_incr                       ds1302
C:   000008F1  _ds_alarm_minutes_incr             ds1302
C:   0000090F  _ds_alarm_hours_incr               ds1302
C:   00000935  _ds_alarm_on_toggle                ds1302
C:   0000093A  _ds_date_mmdd_toggle               ds1302
C:   0000093F  _ds_temperature_offset_incr        ds1302
C:   00000954  _ds_temperature_cf_toggle          ds1302
C:   00000959  _ds_weekday_incr                   ds1302
C:   00000970  _ds_sec_zero                       ds1302
C:   0000097C  _ds_split2int                      ds1302
C:   0000098E  _ds_int2bcd                        ds1302
C:   000009A4  _ds_int2bcd_tens                   ds1302
C:   000009B3  _ds_int2bcd_ones                   ds1302
C:   000009BE  _memset                            _memset
C:   000009DD  __gptrput                          _gptrput
C:   000009F8  __gptrget                          _gptrget
C:   00000A14  __sdcc_external_startup            _startup

ASxxxx Linker V03.00 + NoICE + sdld,  page 23.
Hexadecimal  [32-Bits]

Area                                    Addr        Size        Decimal Bytes (Attributes)
--------------------------------        ----        ----        ------- ----- ------------
CONST                               00000A18    0000002F =          47. bytes (REL,CON,CODE)

      Value  Global                              Global Defined In Module
      -----  --------------------------------   ------------------------
C:   00000A18  _ledtable                          main
C:   00000A2C  _ledtable2                         main

ASxxxx Linker V03.00 + NoICE + sdld,  page 24.

Files Linked                              [ module(s) ]

build/main.rel                            [  ]
build/adc.rel                             [  ]
build/ds1302.rel                          [  ]


Libraries Linked                          [ object file ]

/usr/bin/../share/sdcc/lib/small/mcs51.lib
                                          [ crtclear.rel ]
/usr/bin/../share/sdcc/lib/small/libsdcc.lib
                                          [ _memset.rel ]
/usr/bin/../share/sdcc/lib/small/mcs51.lib
                                          [ crtxinit.rel ]
/usr/bin/../share/sdcc/lib/small/libsdcc.lib
                                          [ _gptrput.rel ]
/usr/bin/../share/sdcc/lib/small/mcs51.lib
                                          [ crtxclear.rel ]
/usr/bin/../share/sdcc/lib/small/mcs51.lib
                                          [ crtpagesfr.rel ]
/usr/bin/../share/sdcc/lib/small/mcs51.lib
                                          [ crtstart.rel ]
/usr/bin/../share/sdcc/lib/small/libsdcc.lib
                                          [ _gptrget.rel ]
/usr/bin/../share/sdcc/lib/small/libsdcc.lib
                                          [ _startup.rel ]

ASxxxx Linker V03.00 + NoICE + sdld,  page 25.

User Base Address Definitions

HOME = 0x0000
DSEG = 0x0030
XSEG = 0x0001
PSEG = 0x0001
ISEG = 0x0000
BSEG = 0x0000

